Archive member included because of file (symbol)

e:/imt tools/sdk/imt_sdk_win_32/winavr/bin/../lib/gcc/avr/4.3.3/avr5\libgcc.a(_exit.o)
                              e:/imt tools/sdk/imt_sdk_win_32/winavr/bin/../lib/gcc/avr/4.3.3/../../../../avr/lib/avr5/crtm32.o (exit)
e:/imt tools/sdk/imt_sdk_win_32/winavr/bin/../lib/gcc/avr/4.3.3/avr5\libgcc.a(_copy_data.o)
                              ./tasks.o (__do_copy_data)
e:/imt tools/sdk/imt_sdk_win_32/winavr/bin/../lib/gcc/avr/4.3.3/avr5\libgcc.a(_clear_bss.o)
                              ./croutine.o (__do_clear_bss)
e:/imt tools/sdk/imt_sdk_win_32/winavr/bin/../lib/gcc/avr/4.3.3/../../../../avr/lib/avr5\libc.a(memcpy.o)
                              ./queue.o (memcpy)
e:/imt tools/sdk/imt_sdk_win_32/winavr/bin/../lib/gcc/avr/4.3.3/../../../../avr/lib/avr5\libc.a(memset.o)
                              ./tasks.o (memset)
e:/imt tools/sdk/imt_sdk_win_32/winavr/bin/../lib/gcc/avr/4.3.3/../../../../avr/lib/avr5\libc.a(strncpy.o)
                              ./tasks.o (strncpy)

Memory Configuration

Name             Origin             Length             Attributes
text             0x00000000         0x00020000         xr
data             0x00800060         0x0000ffa0         rw !x
eeprom           0x00810000         0x00010000         rw !x
fuse             0x00820000         0x00000400         rw !x
lock             0x00830000         0x00000400         rw !x
signature        0x00840000         0x00000400         rw !x
*default*        0x00000000         0xffffffff

Linker script and memory map

LOAD e:/imt tools/sdk/imt_sdk_win_32/winavr/bin/../lib/gcc/avr/4.3.3/../../../../avr/lib/avr5/crtm32.o
LOAD ./DIO_prog.o
LOAD ./croutine.o
LOAD ./heap_1.o
LOAD ./list.o
LOAD ./main.o
LOAD ./port.o
LOAD ./queue.o
LOAD ./tasks.o
LOAD ./timers.o
LOAD e:/imt tools/sdk/imt_sdk_win_32/winavr/bin/../lib/gcc/avr/4.3.3/avr5\libgcc.a
LOAD e:/imt tools/sdk/imt_sdk_win_32/winavr/bin/../lib/gcc/avr/4.3.3/../../../../avr/lib/avr5\libc.a
LOAD e:/imt tools/sdk/imt_sdk_win_32/winavr/bin/../lib/gcc/avr/4.3.3/avr5\libgcc.a

.hash
 *(.hash)

.dynsym
 *(.dynsym)

.dynstr
 *(.dynstr)

.gnu.version
 *(.gnu.version)

.gnu.version_d
 *(.gnu.version_d)

.gnu.version_r
 *(.gnu.version_r)

.rel.init
 *(.rel.init)

.rela.init
 *(.rela.init)

.rel.text
 *(.rel.text)
 *(.rel.text.*)
 *(.rel.gnu.linkonce.t*)

.rela.text
 *(.rela.text)
 *(.rela.text.*)
 *(.rela.gnu.linkonce.t*)

.rel.fini
 *(.rel.fini)

.rela.fini
 *(.rela.fini)

.rel.rodata
 *(.rel.rodata)
 *(.rel.rodata.*)
 *(.rel.gnu.linkonce.r*)

.rela.rodata
 *(.rela.rodata)
 *(.rela.rodata.*)
 *(.rela.gnu.linkonce.r*)

.rel.data
 *(.rel.data)
 *(.rel.data.*)
 *(.rel.gnu.linkonce.d*)

.rela.data
 *(.rela.data)
 *(.rela.data.*)
 *(.rela.gnu.linkonce.d*)

.rel.ctors
 *(.rel.ctors)

.rela.ctors
 *(.rela.ctors)

.rel.dtors
 *(.rel.dtors)

.rela.dtors
 *(.rela.dtors)

.rel.got
 *(.rel.got)

.rela.got
 *(.rela.got)

.rel.bss
 *(.rel.bss)

.rela.bss
 *(.rela.bss)

.rel.plt
 *(.rel.plt)

.rela.plt
 *(.rela.plt)

.text           0x00000000     0x2e52
 *(.vectors)
 .vectors       0x00000000       0x54 e:/imt tools/sdk/imt_sdk_win_32/winavr/bin/../lib/gcc/avr/4.3.3/../../../../avr/lib/avr5/crtm32.o
                0x00000000                __vectors
                0x00000000                __vector_default
 *(.vectors)
 *(.progmem.gcc*)
 *(.progmem*)
                0x00000054                . = ALIGN (0x2)
                0x00000054                __trampolines_start = .
 *(.trampolines)
 .trampolines   0x00000054        0x0 linker stubs
 *(.trampolines*)
                0x00000054                __trampolines_end = .
 *(.jumptables)
 *(.jumptables*)
 *(.lowtext)
 *(.lowtext*)
                0x00000054                __ctors_start = .
 *(.ctors)
                0x00000054                __ctors_end = .
                0x00000054                __dtors_start = .
 *(.dtors)
                0x00000054                __dtors_end = .
 SORT(*)(.ctors)
 SORT(*)(.dtors)
 *(.init0)
 .init0         0x00000054        0x0 e:/imt tools/sdk/imt_sdk_win_32/winavr/bin/../lib/gcc/avr/4.3.3/../../../../avr/lib/avr5/crtm32.o
                0x00000054                __init
 *(.init0)
 *(.init1)
 *(.init1)
 *(.init2)
 .init2         0x00000054        0xc e:/imt tools/sdk/imt_sdk_win_32/winavr/bin/../lib/gcc/avr/4.3.3/../../../../avr/lib/avr5/crtm32.o
 *(.init2)
 *(.init3)
 *(.init3)
 *(.init4)
 .init4         0x00000060       0x16 e:/imt tools/sdk/imt_sdk_win_32/winavr/bin/../lib/gcc/avr/4.3.3/avr5\libgcc.a(_copy_data.o)
                0x00000060                __do_copy_data
 .init4         0x00000076       0x10 e:/imt tools/sdk/imt_sdk_win_32/winavr/bin/../lib/gcc/avr/4.3.3/avr5\libgcc.a(_clear_bss.o)
                0x00000076                __do_clear_bss
 *(.init4)
 *(.init5)
 *(.init5)
 *(.init6)
 *(.init6)
 *(.init7)
 *(.init7)
 *(.init8)
 *(.init8)
 *(.init9)
 .init9         0x00000086        0x8 e:/imt tools/sdk/imt_sdk_win_32/winavr/bin/../lib/gcc/avr/4.3.3/../../../../avr/lib/avr5/crtm32.o
 *(.init9)
 *(.text)
 .text          0x0000008e        0x4 e:/imt tools/sdk/imt_sdk_win_32/winavr/bin/../lib/gcc/avr/4.3.3/../../../../avr/lib/avr5/crtm32.o
                0x0000008e                __vector_1
                0x0000008e                __vector_12
                0x0000008e                __bad_interrupt
                0x0000008e                __vector_6
                0x0000008e                __vector_3
                0x0000008e                __vector_11
                0x0000008e                __vector_13
                0x0000008e                __vector_17
                0x0000008e                __vector_19
                0x0000008e                __vector_5
                0x0000008e                __vector_4
                0x0000008e                __vector_9
                0x0000008e                __vector_2
                0x0000008e                __vector_15
                0x0000008e                __vector_8
                0x0000008e                __vector_14
                0x0000008e                __vector_10
                0x0000008e                __vector_16
                0x0000008e                __vector_18
                0x0000008e                __vector_20
 .text          0x00000092        0x0 ./DIO_prog.o
 .text          0x00000092        0x0 ./croutine.o
 .text          0x00000092        0x0 ./heap_1.o
 .text          0x00000092        0x0 ./list.o
 .text          0x00000092        0x0 ./main.o
 .text          0x00000092        0x0 ./port.o
 .text          0x00000092        0x0 ./queue.o
 .text          0x00000092        0x0 ./tasks.o
 .text          0x00000092        0x0 ./timers.o
 .text          0x00000092        0x0 e:/imt tools/sdk/imt_sdk_win_32/winavr/bin/../lib/gcc/avr/4.3.3/avr5\libgcc.a(_exit.o)
 .text          0x00000092        0x0 e:/imt tools/sdk/imt_sdk_win_32/winavr/bin/../lib/gcc/avr/4.3.3/avr5\libgcc.a(_copy_data.o)
 .text          0x00000092        0x0 e:/imt tools/sdk/imt_sdk_win_32/winavr/bin/../lib/gcc/avr/4.3.3/avr5\libgcc.a(_clear_bss.o)
 .text          0x00000092        0x0 e:/imt tools/sdk/imt_sdk_win_32/winavr/bin/../lib/gcc/avr/4.3.3/../../../../avr/lib/avr5\libc.a(memcpy.o)
 .text          0x00000092        0x0 e:/imt tools/sdk/imt_sdk_win_32/winavr/bin/../lib/gcc/avr/4.3.3/../../../../avr/lib/avr5\libc.a(memset.o)
 .text          0x00000092        0x0 e:/imt tools/sdk/imt_sdk_win_32/winavr/bin/../lib/gcc/avr/4.3.3/../../../../avr/lib/avr5\libc.a(strncpy.o)
                0x00000092                . = ALIGN (0x2)
 *(.text.*)
 .text.TogelpinVal
                0x00000092       0xfa ./DIO_prog.o
                0x00000092                TogelpinVal
 .text.DIO_VidSetPinDir
                0x0000018c      0x210 ./DIO_prog.o
                0x0000018c                DIO_VidSetPinDir
 .text.DIO_VidSetPinVal
                0x0000039c      0x210 ./DIO_prog.o
                0x0000039c                DIO_VidSetPinVal
 .text.DIO_VidSetPortVal
                0x000005ac       0x88 ./DIO_prog.o
                0x000005ac                DIO_VidSetPortVal
 .text.DIO_VidSetPortDir
                0x00000634       0x88 ./DIO_prog.o
                0x00000634                DIO_VidSetPortDir
 .text.DIO_u8GetPinVal
                0x000006bc      0x110 ./DIO_prog.o
                0x000006bc                DIO_u8GetPinVal
 .text.xCoRoutineCreate
                0x000007cc      0x128 ./croutine.o
                0x000007cc                xCoRoutineCreate
 .text.vCoRoutineAddToDelayedList
                0x000008f4       0xc2 ./croutine.o
                0x000008f4                vCoRoutineAddToDelayedList
 .text.prvCheckPendingReadyList
                0x000009b6       0x94 ./croutine.o
 .text.prvCheckDelayedList
                0x00000a4a      0x15c ./croutine.o
 .text.vCoRoutineSchedule
                0x00000ba6       0xf4 ./croutine.o
                0x00000ba6                vCoRoutineSchedule
 .text.prvInitialiseCoRoutineLists
                0x00000c9a       0x72 ./croutine.o
 .text.xCoRoutineRemoveFromEventList
                0x00000d0c       0x70 ./croutine.o
                0x00000d0c                xCoRoutineRemoveFromEventList
 .text.pvPortMalloc
                0x00000d7c       0x8c ./heap_1.o
                0x00000d7c                pvPortMalloc
 .text.vPortFree
                0x00000e08       0x18 ./heap_1.o
                0x00000e08                vPortFree
 .text.vPortInitialiseBlocks
                0x00000e20       0x16 ./heap_1.o
                0x00000e20                vPortInitialiseBlocks
 .text.xPortGetFreeHeapSize
                0x00000e36       0x1e ./heap_1.o
                0x00000e36                xPortGetFreeHeapSize
 .text.vListInitialise
                0x00000e54       0x54 ./list.o
                0x00000e54                vListInitialise
 .text.vListInitialiseItem
                0x00000ea8       0x20 ./list.o
                0x00000ea8                vListInitialiseItem
 .text.vListInsertEnd
                0x00000ec8       0x98 ./list.o
                0x00000ec8                vListInsertEnd
 .text.vListInsert
                0x00000f60       0xd8 ./list.o
                0x00000f60                vListInsert
 .text.vListRemove
                0x00001038       0x92 ./list.o
                0x00001038                vListRemove
 .text.Blink_200ms
                0x000010ca       0x2a ./main.o
                0x000010ca                Blink_200ms
 .text.Blink_1000ms
                0x000010f4       0x2a ./main.o
                0x000010f4                Blink_1000ms
 .text.main     0x0000111e       0x76 ./main.o
                0x0000111e                main
 .text.pxPortInitialiseStack
                0x00001194      0x306 ./port.o
                0x00001194                pxPortInitialiseStack
 .text.xPortStartScheduler
                0x0000149a       0x6a ./port.o
                0x0000149a                xPortStartScheduler
 .text.vPortEndScheduler
                0x00001504        0xe ./port.o
                0x00001504                vPortEndScheduler
 .text.vPortYield
                0x00001512       0xb2 ./port.o
                0x00001512                vPortYield
 .text.vPortYieldFromTick
                0x000015c4       0xb6 ./port.o
                0x000015c4                vPortYieldFromTick
 .text.prvSetupTimerInterrupt
                0x0000167a       0xb8 ./port.o
 .text.__vector_7
                0x00001732        0x6 ./port.o
                0x00001732                __vector_7
 .text.xQueueCreate
                0x00001738      0x152 ./queue.o
                0x00001738                xQueueCreate
 .text.xQueueGenericSend
                0x0000188a      0x13c ./queue.o
                0x0000188a                xQueueGenericSend
 .text.xQueueGenericSendFromISR
                0x000019c6       0x9a ./queue.o
                0x000019c6                xQueueGenericSendFromISR
 .text.xQueueGenericReceive
                0x00001a60      0x180 ./queue.o
                0x00001a60                xQueueGenericReceive
 .text.xQueueReceiveFromISR
                0x00001be0       0x9e ./queue.o
                0x00001be0                xQueueReceiveFromISR
 .text.uxQueueMessagesWaiting
                0x00001c7e       0x30 ./queue.o
                0x00001c7e                uxQueueMessagesWaiting
 .text.uxQueueMessagesWaitingFromISR
                0x00001cae       0x26 ./queue.o
                0x00001cae                uxQueueMessagesWaitingFromISR
 .text.vQueueDelete
                0x00001cd4       0x2c ./queue.o
                0x00001cd4                vQueueDelete
 .text.prvCopyDataToQueue
                0x00001d00      0x12a ./queue.o
 .text.prvCopyDataFromQueue
                0x00001e2a       0x90 ./queue.o
 .text.prvUnlockQueue
                0x00001eba       0xa8 ./queue.o
 .text.prvIsQueueEmpty
                0x00001f62       0x38 ./queue.o
 .text.xQueueIsQueueEmptyFromISR
                0x00001f9a       0x2e ./queue.o
                0x00001f9a                xQueueIsQueueEmptyFromISR
 .text.prvIsQueueFull
                0x00001fc8       0x3e ./queue.o
 .text.xQueueIsQueueFullFromISR
                0x00002006       0x34 ./queue.o
                0x00002006                xQueueIsQueueFullFromISR
 .text.xTaskGenericCreate
                0x0000203a      0x1da ./tasks.o
                0x0000203a                xTaskGenericCreate
 .text.vTaskDelete
                0x00002214       0xc6 ./tasks.o
                0x00002214                vTaskDelete
 .text.vTaskDelayUntil
                0x000022da       0xe8 ./tasks.o
                0x000022da                vTaskDelayUntil
 .text.vTaskDelay
                0x000023c2       0x6a ./tasks.o
                0x000023c2                vTaskDelay
 .text.vTaskStartScheduler
                0x0000242c       0x6e ./tasks.o
                0x0000242c                vTaskStartScheduler
 .text.vTaskEndScheduler
                0x0000249a       0x18 ./tasks.o
                0x0000249a                vTaskEndScheduler
 .text.vTaskSuspendAll
                0x000024b2       0x18 ./tasks.o
                0x000024b2                vTaskSuspendAll
 .text.xTaskResumeAll
                0x000024ca      0x114 ./tasks.o
                0x000024ca                xTaskResumeAll
 .text.xTaskGetTickCount
                0x000025de       0x2e ./tasks.o
                0x000025de                xTaskGetTickCount
 .text.xTaskGetTickCountFromISR
                0x0000260c       0x2a ./tasks.o
                0x0000260c                xTaskGetTickCountFromISR
 .text.uxTaskGetNumberOfTasks
                0x00002636       0x12 ./tasks.o
                0x00002636                uxTaskGetNumberOfTasks
 .text.vTaskIncrementTick
                0x00002648      0x1aa ./tasks.o
                0x00002648                vTaskIncrementTick
 .text.vTaskSwitchContext
                0x000027f2       0xcc ./tasks.o
                0x000027f2                vTaskSwitchContext
 .text.vTaskPlaceOnEventList
                0x000028be       0x6c ./tasks.o
                0x000028be                vTaskPlaceOnEventList
 .text.xTaskRemoveFromEventList
                0x0000292a       0xd0 ./tasks.o
                0x0000292a                xTaskRemoveFromEventList
 .text.vTaskSetTimeOutState
                0x000029fa       0x32 ./tasks.o
                0x000029fa                vTaskSetTimeOutState
 .text.xTaskCheckForTimeOut
                0x00002a2c       0xba ./tasks.o
                0x00002a2c                xTaskCheckForTimeOut
 .text.vTaskMissedYield
                0x00002ae6       0x14 ./tasks.o
                0x00002ae6                vTaskMissedYield
 .text.prvIdleTask
                0x00002afa       0x14 ./tasks.o
 .text.prvInitialiseTCBVariables
                0x00002b0e       0xae ./tasks.o
 .text.prvInitialiseTaskLists
                0x00002bbc       0x7a ./tasks.o
 .text.prvCheckTasksWaitingTermination
                0x00002c36       0x7c ./tasks.o
 .text.prvAddCurrentTaskToDelayedList
                0x00002cb2       0x92 ./tasks.o
 .text.prvAllocateTCBAndStack
                0x00002d44       0xa0 ./tasks.o
 .text.prvDeleteTCB
                0x00002de4       0x2c ./tasks.o
 .text.libgcc   0x00002e10        0x0 e:/imt tools/sdk/imt_sdk_win_32/winavr/bin/../lib/gcc/avr/4.3.3/avr5\libgcc.a(_exit.o)
 .text.libgcc   0x00002e10        0x0 e:/imt tools/sdk/imt_sdk_win_32/winavr/bin/../lib/gcc/avr/4.3.3/avr5\libgcc.a(_copy_data.o)
 .text.libgcc   0x00002e10        0x0 e:/imt tools/sdk/imt_sdk_win_32/winavr/bin/../lib/gcc/avr/4.3.3/avr5\libgcc.a(_clear_bss.o)
 .text.avr-libc
                0x00002e10       0x12 e:/imt tools/sdk/imt_sdk_win_32/winavr/bin/../lib/gcc/avr/4.3.3/../../../../avr/lib/avr5\libc.a(memcpy.o)
                0x00002e10                memcpy
 .text.avr-libc
                0x00002e22        0xe e:/imt tools/sdk/imt_sdk_win_32/winavr/bin/../lib/gcc/avr/4.3.3/../../../../avr/lib/avr5\libc.a(memset.o)
                0x00002e22                memset
 .text.avr-libc
                0x00002e30       0x1e e:/imt tools/sdk/imt_sdk_win_32/winavr/bin/../lib/gcc/avr/4.3.3/../../../../avr/lib/avr5\libc.a(strncpy.o)
                0x00002e30                strncpy
                0x00002e4e                . = ALIGN (0x2)
 *(.fini9)
 .fini9         0x00002e4e        0x0 e:/imt tools/sdk/imt_sdk_win_32/winavr/bin/../lib/gcc/avr/4.3.3/avr5\libgcc.a(_exit.o)
                0x00002e4e                exit
                0x00002e4e                _exit
 *(.fini9)
 *(.fini8)
 *(.fini8)
 *(.fini7)
 *(.fini7)
 *(.fini6)
 *(.fini6)
 *(.fini5)
 *(.fini5)
 *(.fini4)
 *(.fini4)
 *(.fini3)
 *(.fini3)
 *(.fini2)
 *(.fini2)
 *(.fini1)
 *(.fini1)
 *(.fini0)
 .fini0         0x00002e4e        0x4 e:/imt tools/sdk/imt_sdk_win_32/winavr/bin/../lib/gcc/avr/4.3.3/avr5\libgcc.a(_exit.o)
 *(.fini0)
                0x00002e52                _etext = .

.data           0x00800060        0x8 load address 0x00002e52
                0x00800060                PROVIDE (__data_start, .)
 *(.data)
 .data          0x00800060        0x0 e:/imt tools/sdk/imt_sdk_win_32/winavr/bin/../lib/gcc/avr/4.3.3/../../../../avr/lib/avr5/crtm32.o
 .data          0x00800060        0x0 ./DIO_prog.o
 .data          0x00800060        0x0 ./croutine.o
 .data          0x00800060        0x0 ./heap_1.o
 .data          0x00800060        0x0 ./list.o
 .data          0x00800060        0x0 ./main.o
 .data          0x00800060        0x0 ./port.o
 .data          0x00800060        0x0 ./queue.o
 .data          0x00800060        0x5 ./tasks.o
 .data          0x00800065        0x0 ./timers.o
 .data          0x00800065        0x0 e:/imt tools/sdk/imt_sdk_win_32/winavr/bin/../lib/gcc/avr/4.3.3/avr5\libgcc.a(_exit.o)
 .data          0x00800065        0x0 e:/imt tools/sdk/imt_sdk_win_32/winavr/bin/../lib/gcc/avr/4.3.3/avr5\libgcc.a(_copy_data.o)
 .data          0x00800065        0x0 e:/imt tools/sdk/imt_sdk_win_32/winavr/bin/../lib/gcc/avr/4.3.3/avr5\libgcc.a(_clear_bss.o)
 .data          0x00800065        0x0 e:/imt tools/sdk/imt_sdk_win_32/winavr/bin/../lib/gcc/avr/4.3.3/../../../../avr/lib/avr5\libc.a(memcpy.o)
 .data          0x00800065        0x0 e:/imt tools/sdk/imt_sdk_win_32/winavr/bin/../lib/gcc/avr/4.3.3/../../../../avr/lib/avr5\libc.a(memset.o)
 .data          0x00800065        0x0 e:/imt tools/sdk/imt_sdk_win_32/winavr/bin/../lib/gcc/avr/4.3.3/../../../../avr/lib/avr5\libc.a(strncpy.o)
 *(.data*)
 .data.xNextTaskUnblockTime
                0x00800065        0x2 ./tasks.o
 *(.rodata)
 *(.rodata*)
 *(.gnu.linkonce.d*)
                0x00800068                . = ALIGN (0x2)
 *fill*         0x00800067        0x1 00
                0x00800068                _edata = .
                0x00800068                PROVIDE (__data_end, .)

.bss            0x00800068      0x2f7
                0x00800068                PROVIDE (__bss_start, .)
 *(.bss)
 .bss           0x00800068        0x0 e:/imt tools/sdk/imt_sdk_win_32/winavr/bin/../lib/gcc/avr/4.3.3/../../../../avr/lib/avr5/crtm32.o
 .bss           0x00800068        0x0 ./DIO_prog.o
 .bss           0x00800068        0x0 ./croutine.o
 .bss           0x00800068        0x0 ./heap_1.o
 .bss           0x00800068        0x0 ./list.o
 .bss           0x00800068        0x0 ./main.o
 .bss           0x00800068        0x0 ./port.o
 .bss           0x00800068        0x0 ./queue.o
 .bss           0x00800068        0x0 ./tasks.o
 .bss           0x00800068        0x0 ./timers.o
 .bss           0x00800068        0x0 e:/imt tools/sdk/imt_sdk_win_32/winavr/bin/../lib/gcc/avr/4.3.3/avr5\libgcc.a(_exit.o)
 .bss           0x00800068        0x0 e:/imt tools/sdk/imt_sdk_win_32/winavr/bin/../lib/gcc/avr/4.3.3/avr5\libgcc.a(_copy_data.o)
 .bss           0x00800068        0x0 e:/imt tools/sdk/imt_sdk_win_32/winavr/bin/../lib/gcc/avr/4.3.3/avr5\libgcc.a(_clear_bss.o)
 .bss           0x00800068        0x0 e:/imt tools/sdk/imt_sdk_win_32/winavr/bin/../lib/gcc/avr/4.3.3/../../../../avr/lib/avr5\libc.a(memcpy.o)
 .bss           0x00800068        0x0 e:/imt tools/sdk/imt_sdk_win_32/winavr/bin/../lib/gcc/avr/4.3.3/../../../../avr/lib/avr5\libc.a(memset.o)
 .bss           0x00800068        0x0 e:/imt tools/sdk/imt_sdk_win_32/winavr/bin/../lib/gcc/avr/4.3.3/../../../../avr/lib/avr5\libc.a(strncpy.o)
 *(.bss*)
 .bss.pxCurrentCoRoutine
                0x00800068        0x2 ./croutine.o
                0x00800068                pxCurrentCoRoutine
 .bss.uxTopCoRoutineReadyPriority
                0x0080006a        0x1 ./croutine.o
 .bss.xCoRoutineTickCount
                0x0080006b        0x2 ./croutine.o
 .bss.xLastTickCount
                0x0080006d        0x2 ./croutine.o
 .bss.xPassedTicks
                0x0080006f        0x2 ./croutine.o
 .bss.pxReadyCoRoutineLists
                0x00800071       0x12 ./croutine.o
 .bss.xDelayedCoRoutineList1
                0x00800083        0x9 ./croutine.o
 .bss.xDelayedCoRoutineList2
                0x0080008c        0x9 ./croutine.o
 .bss.pxDelayedCoRoutineList
                0x00800095        0x2 ./croutine.o
 .bss.pxOverflowDelayedCoRoutineList
                0x00800097        0x2 ./croutine.o
 .bss.xPendingReadyCoRoutineList
                0x00800099        0x9 ./croutine.o
 .bss.xNextFreeByte
                0x008000a2        0x2 ./heap_1.o
 .bss.xHeap     0x008000a4      0x258 ./heap_1.o
 .bss.pxCurrentTCB
                0x008002fc        0x2 ./tasks.o
                0x008002fc                pxCurrentTCB
 .bss.uxTasksDeleted
                0x008002fe        0x1 ./tasks.o
 .bss.uxCurrentNumberOfTasks
                0x008002ff        0x1 ./tasks.o
 .bss.xTickCount
                0x00800300        0x2 ./tasks.o
 .bss.uxTopUsedPriority
                0x00800302        0x1 ./tasks.o
 .bss.uxTopReadyPriority
                0x00800303        0x1 ./tasks.o
 .bss.xSchedulerRunning
                0x00800304        0x1 ./tasks.o
 .bss.uxSchedulerSuspended
                0x00800305        0x1 ./tasks.o
 .bss.uxMissedTicks
                0x00800306        0x1 ./tasks.o
 .bss.xMissedYield
                0x00800307        0x1 ./tasks.o
 .bss.xNumOfOverflows
                0x00800308        0x1 ./tasks.o
 .bss.uxTaskNumber
                0x00800309        0x1 ./tasks.o
 .bss.pxReadyTasksLists
                0x0080030a       0x2d ./tasks.o
 .bss.xDelayedTaskList1
                0x00800337        0x9 ./tasks.o
 .bss.xDelayedTaskList2
                0x00800340        0x9 ./tasks.o
 .bss.pxDelayedTaskList
                0x00800349        0x2 ./tasks.o
 .bss.pxOverflowDelayedTaskList
                0x0080034b        0x2 ./tasks.o
 .bss.xPendingReadyList
                0x0080034d        0x9 ./tasks.o
 .bss.xTasksWaitingTermination
                0x00800356        0x9 ./tasks.o
 *(COMMON)
                0x0080035f                PROVIDE (__bss_end, .)
                0x00002e52                __data_load_start = LOADADDR (.data)
                0x00002e5a                __data_load_end = (__data_load_start + SIZEOF (.data))

.noinit         0x0080035f        0x0
                0x0080035f                PROVIDE (__noinit_start, .)
 *(.noinit*)
                0x0080035f                PROVIDE (__noinit_end, .)
                0x0080035f                _end = .
                0x0080035f                PROVIDE (__heap_start, .)

.eeprom         0x00810000        0x0
 *(.eeprom*)
                0x00810000                __eeprom_end = .

.fuse
 *(.fuse)
 *(.lfuse)
 *(.hfuse)
 *(.efuse)

.lock
 *(.lock*)

.signature
 *(.signature*)

.stab           0x00000000     0x4980
 *(.stab)
 .stab          0x00000000      0x57c ./DIO_prog.o
 .stab          0x0000057c      0xb34 ./croutine.o
                                0xb40 (size before relaxing)
 .stab          0x000010b0      0x354 ./heap_1.o
                                0x624 (size before relaxing)
 .stab          0x00001404      0x474 ./list.o
                                0x750 (size before relaxing)
 .stab          0x00001878      0x2f4 ./main.o
                                0x5f4 (size before relaxing)
 .stab          0x00001b6c      0x840 ./port.o
                                0xb70 (size before relaxing)
 .stab          0x000023ac      0xe94 ./queue.o
                               0x11d0 (size before relaxing)
 .stab          0x00003240     0x1578 ./tasks.o
                               0x17d0 (size before relaxing)
 .stab          0x000047b8      0x1c8 ./timers.o
                                0x4c8 (size before relaxing)

.stabstr        0x00000000     0x2bc6
 *(.stabstr)
 .stabstr       0x00000000     0x2bc6 ./DIO_prog.o

.stab.excl
 *(.stab.excl)

.stab.exclstr
 *(.stab.exclstr)

.stab.index
 *(.stab.index)

.stab.indexstr
 *(.stab.indexstr)

.comment
 *(.comment)

.debug
 *(.debug)

.line
 *(.line)

.debug_srcinfo
 *(.debug_srcinfo)

.debug_sfnames
 *(.debug_sfnames)

.debug_aranges
 *(.debug_aranges)

.debug_pubnames
 *(.debug_pubnames)

.debug_info
 *(.debug_info)
 *(.gnu.linkonce.wi.*)

.debug_abbrev
 *(.debug_abbrev)

.debug_line
 *(.debug_line)

.debug_frame
 *(.debug_frame)

.debug_str
 *(.debug_str)

.debug_loc
 *(.debug_loc)

.debug_macinfo
 *(.debug_macinfo)
OUTPUT(FreeRTOS.elf elf32-avr)
LOAD linker stubs
